9 8 7 6 5 4 3 2 1 0 
6
3
4
10
0
4
2305843009213693951
1152921504606846975
1152921504606846975
9223372036854775807
288230376151711743
10
16
VECTOR TEST RESIZE 1 SIZE = 12 CAPACITY = 16
0 1 2 3 4 100 100 100 0 0 0 0
12
16
0
MAKING FOO GROW:
CAPACITY CHANGED: 1
CAPACITY CHANGED: 2
CAPACITY CHANGED: 4
CAPACITY CHANGED: 8
CAPACITY CHANGED: 16
CAPACITY CHANGED: 32
CAPACITY CHANGED: 64
CAPACITY CHANGED: 128
MAKING BAR GROW:
CAPACITY CHANGED: 100
0 0 0 0 100 100 100 4 3 2 1 0 
OUTPUT
1 1
0 1 2 3 4 100 100 100 0 0 0 0 62
16
7 FIRST 7
100 100 100 100 100 100 100 
5 SECOND 5
100 100 100 100 100 
3 THIRD 3
1776 7 4 
0 1 2 3 4 100 100 100 0 0 0 0 0 1 2 
VECTOR TEST RESIZE 2 SIZE = 8 CAPACITY = 16
0 1 2 3 4 100 100 100
VECTOR TEST RESIZE 3 SIZE = 25 CAPACITY = 25
0 1 2 3 4 100 100 100 0 0 0 0 0 0 0 0 0 0 0 0 0 0 0 0 0
VECTOR TEST RESIZE 4 SIZE = 0 CAPACITY = 25

VECTOR TEST RESIZE 5 SIZE = 25 CAPACITY = 25
10 10 10 10 10 10 10 10 10 10 10 10 10 10 10 10 10 10 10 10 10 10 10 10 10
VECTOR TEST ASSIGN 1 SIZE = 28 CAPACITY = 28
42 42 42 42 42 42 42 42 42 42 42 42 42 42 42 42 42 42 42 42 42 42 42 42 42 42 42 42
VECTOR TEST ASSIGN 2 SIZE = 28 CAPACITY = 28
42 42 42 42 42 42 42 42 42 42 42 42 42 42 42 42 42 42 42 42 42 42 42 42 42 42 42 42
VECTOR TEST COPY CRUSH SIZE = 18 CAPACITY = 18
42 42 42 42 42 42 42 42 42 42 42 42 42 42 42 42 42 42
VECTOR TEST COPY CONSTRUCTOR SIZE = 18 CAPACITY = 18
42 42 42 42 42 42 42 42 42 42 42 42 42 42 42 42 42 42
VECTOR TEST EQUAL SIZE = 18 CAPACITY = 18
42 42 42 42 42 42 42 42 42 42 42 42 42 42 42 42 42 42
VECTOR TEST RESIZE 6 SIZE = 18 CAPACITY = 18
42 42 42 42 42 42 42 42 42 42 42 42 42 42 42 42 42 42
SUM OF ELEMENTS 1356
VECTOR TEST POP_BACK 1 SIZE = 18 CAPACITY = 18
42 42 42 42 42 42 42 42 42 42 42 42 42 42 42 42 42 42
12
VECTOR TEST INSERT 1 SIZE = 25 CAPACITY = 100
42 42 12 42 42 42 42 42 42 14 14 14 14 14 14 42 42 42 42 42 42 42 42 42 42
VECTOR TEST INSERT 2 SIZE = 30 CAPACITY = 50
300 300 400 400 200 42 42 12 42 42 42 42 42 42 14 14 14 14 14 14 42 42 42 42 42 42 42 42 42 42
VECTOR TEST INSERT 3 SIZE = 33 CAPACITY = 50
501 502 503 300 300 400 400 200 42 42 12 42 42 42 42 42 42 14 14 14 14 14 14 42 42 42 42 42 42 42 42 42 42
VECTOR TEST INSERT 3 SIZE = 67 CAPACITY = 67
501 502 503 300 300 400 400 200 42 42 12 42 42 42 42 42 42 14 14 14 14 14 14 42 42 42 42 42 42 42 42 42 42 42 42 42 42 42 42 42 42 42 42 42 42 42 42 42 42 42 42 42 42 42 42 42 42 42 42 42 42 42 42 42 42 42 42
SF?
VECTOR TEST INSERT 4 SIZE = 69 CAPACITY = 134
501 502 503 300 300 400 400 200 42 42 22 22 12 42 42 42 42 42 42 14 14 14 14 14 14 42 42 42 42 42 42 42 42 42 42 42 42 42 42 42 42 42 42 42 42 42 42 42 42 42 42 42 42 42 42 42 42 42 42 42 42 42 42 42 42 42 42 42 42
VECTOR TEST INSERT 5 SIZE = 70 CAPACITY = 134
1 501 502 503 300 300 400 400 200 42 42 22 22 12 42 42 42 42 42 42 14 14 14 14 14 14 42 42 42 42 42 42 42 42 42 42 42 42 42 42 42 42 42 42 42 42 42 42 42 42 42 42 42 42 42 42 42 42 42 42 42 42 42 42 42 42 42 42 42 42
VECTOR TEST INSERT 6 SIZE = 218 CAPACITY = 268
1 501 502 503 300 300 400 400 200 42 42 22 147 146 145 144 143 142 141 140 139 138 137 136 135 134 133 132 131 130 129 128 127 126 125 124 123 122 121 120 119 118 117 116 115 114 113 112 111 110 109 108 107 106 105 104 103 102 101 100 99 98 97 96 95 94 93 92 91 90 89 88 87 86 85 84 83 82 81 80 79 78 77 76 75 74 73 72 71 70 69 68 67 66 65 64 63 62 61 60 59 58 57 56 55 54 53 52 51 50 49 48 47 46 45 44 43 42 41 40 39 38 37 36 35 34 33 32 31 30 29 28 27 26 25 24 23 22 21 20 19 18 17 16 15 14 13 12 11 10 9 8 7 6 5 4 3 2 1 0 22 12 42 42 42 42 42 42 14 14 14 14 14 14 42 42 42 42 42 42 42 42 42 42 42 42 42 42 42 42 42 42 42 42 42 42 42 42 42 42 42 42 42 42 42 42 42 42 42 42 42 42 42 42 42 42 42 42
VECTOR TEST POP_BACK 2 SIZE = 21 CAPACITY = 268
1 501 502 503 300 300 400 400 200 42 42 22 147 146 145 144 143 142 141 140 139
VECTOR TEST INSERT 7 SIZE = 9 CAPACITY = 100
9 9 9 0 1 2 3 4 5
